mutation	pos	depth	frequency	germline/somatic
DNMT3A:NM_022552:c.1226G>A_p.W409*	chr2:25469542	301	0.07	somatic
PBRM1:NM_018313:c.4535C>T_p.A1512V	chr3:52584478	319	0.29	somatic
FLT4:NM_002020:c.194A>T_p.Q65L	chr5:180057761	312	0.18	somatic
BRAF:NM_004333:c.1406G>C_p.G469A	chr7:140481402	327	0.45	germline
FANCG:NM_004629:c.181C>T_p.P61S	chr9:35078728	256	0.46	germline
PTCH1:NM_000264:c.3538C>G_p.P1180A	chr9:98212134	305	0.51	germline
ATM:NM_000051:c.7996A>G_p.T2666A	chr11:108204681	255	0.36	somatic
CREBBP:NM_004380:c.5933A>G_p.N1978S	chr16:3779115	423	0.31	somatic
FANCA:NM_000135:c.2T>C_p.M1T	chr16:89883022	132	0.52	germline
DOT1L:NM_032482:c.3155G>T_p.G1052V	chr19:2222323	394	0.49	germline
GNAS:NM_001077490:c.1268C>A_p.P423H	chr20:57429775	337	0.54	germline
STK11:NM_000455:c.169_169delG_p.E57fs*7	chr19:1207080	491	0.41	somatic
