mutation	pos	depth	frequency	germline/somatic
MTOR:NM_004958:c.3684T>A_p.D1228E	chr1:11269486	872	0.08	somatic
SPEN:NM_015001:c.5335G>A_p.A1779T	chr1:16258070	1380	0.13	somatic
REL:NM_002908:c.1261C>T_p.R421C	chr2:61149071	1146	0.52	germline
LRP1B:NM_018557:c.9923C>T_p.A3308V	chr2:141214064	1180	0.06	somatic
LRP1B:NM_018557:c.5980G>T_p.G1994C	chr2:141473585	678	0.05	somatic
ERBB4:NM_005235:c.3334C>T_p.R1112C	chr2:212251725	1289	0.07	somatic
ERBB4:NM_005235:c.1952C>G_p.P651R	chr2:212495314	638	0.53	germline
SOX2:NM_003106:c.8A>G_p.N3S	chr3:181430156	329	0.08	somatic
SOX2:NM_003106:c.556C>G_p.L186V	chr3:181430704	776	0.48	germline
PIK3R1:NM_181523:c.1699A>G_p.K567E	chr5:67591106	785	0.11	somatic
CTNNA1:NM_001903:c.1756C>T_p.R586C	chr5:138260953	1190	0.11	somatic
CSF1R:NM_005211:c.2392G>A_p.G798R	chr5:149435832	1229	0.21	somatic
PDGFRB:NM_002609:c.1682G>A_p.R561H	chr5:149505133	1182	0.18	somatic
PMS2:NM_000535:c.821C>T_p.S274L	chr7:6035247	994	0.07	somatic
IKZF1:NM_006060:c.1373A>G_p.Q458R	chr7:50468138	1106	0.08	somatic
IKZF1:NM_006060:c.1502A>G_p.D501G	chr7:50468267	1016	0.12	somatic
EGFR:NM_005228:c.1093A>G_p.I365V	chr7:55224312	1213	0.18	somatic
PCLO:NM_014510:c.12568A>G_p.K4190E	chr7:82544734	787	0.05	somatic
PCLO:NM_014510:c.11663A>G_p.Y3888C	chr7:82545639	1289	0.19	somatic
PCLO:NM_014510:c.4562A>G_p.N1521S	chr7:82585707	854	0.06	somatic
CUX1:NM_001202543:c.2819C>T_p.P940L	chr7:101845363	1508	0.22	somatic
RELN:NM_173054:c.3931A>G_p.N1311D	chr7:103230257	763	0.08	somatic
BRAF:NM_004333:c.13A>G_p.S5G	chr7:140624491	734	0.11	somatic
GPR124:NM_032777:c.3004A>G_p.T1002A	chr8:37698860	1114	0.07	somatic
FGFR1:NM_023110:c.1552+2T>C:splice	chr8:38275386	1474	0.06	somatic
FGFR1:NM_023110:c.1252G>A_p.A418T	chr8:38277083	1610	0.07	somatic
PTCH1:NM_000264:c.4136T>C_p.V1379A	chr9:98209402	1321	0.07	somatic
PTCH1:NM_000264:c.3109G>A_p.A1037T	chr9:98220354	1622	0.07	somatic
PTCH1:NM_000264:c.821A>G_p.Q274R	chr9:98242796	1293	0.06	somatic
TSC1:NM_000368:c.71A>G_p.D24G	chr9:135804189	1398	0.05	somatic
NOTCH1:NM_017617:c.6113T>C_p.V2038A	chr9:139393418	1556	0.07	somatic
NUP98:NM_016320:c.4463A>T_p.D1488V	chr11:3707416	832	0.07	somatic
NUP98:NM_016320:c.4139G>A_p.R1380H	chr11:3716707	1199	0.02	somatic
NUP98:NM_016320:c.1508G>A_p.R503Q	chr11:3756455	794	0.18	somatic
FAT3:NM_001008781:c.803T>C_p.V268A	chr11:92086081	1069	0.03	somatic
ATM:NM_000051:c.3542A>G_p.K1181R	chr11:108151861	749	0.07	somatic
MLL:NM_005933:c.5887A>G_p.N1963D	chr11:118369178	1291	0.07	somatic
ARID2:NM_152641:c.1786G>C_p.V596L	chr12:46243433	1016	0.05	somatic
MLL2:NM_003482:c.6895T>C_p.Y2299H	chr12:49434658	1035	0.09	somatic
MLL2:NM_003482:c.804G>A_p.W268*	chr12:49447294	924	0.10	somatic
PARP4:NM_006437:c.2628A>C_p.E876D	chr13:25029285	1022	0.09	somatic
FLT1:NM_002019:c.2737A>G_p.K913E	chr13:28901658	821	0.06	somatic
FOXO1:NM_002015:c.1477G>T_p.G493C	chr13:41134151	1290	0.52	germline
FANCM:NM_020937:c.4921T>C_p.Y1641H	chr14:45658146	368	0.05	somatic
CTCF:NM_001191022:c.583T>C_p.Y195H	chr16:67662321	1260	0.06	somatic
CTCF:NM_001191022:c.1072G>A_p.V358I	chr16:67671647	1105	0.45	somatic
RARA:NM_000964:c.352A>G_p.K118E	chr17:38506060	1085	0.09	somatic
MAP3K14:NM_003954:c.656G>C_p.R219P	chr17:43364293	202	0.46	germline
MAP3K14:NM_003954:c.652C>G_p.R218G	chr17:43364297	202	0.09	somatic
NOTCH3:NM_000435:c.4991T>C_p.V1664A	chr19:15281265	972	0.07	somatic
NOTCH3:NM_000435:c.4556T>C_p.L1519P	chr19:15285059	803	0.12	somatic
NOTCH3:NM_000435:c.3764G>A_p.C1255Y	chr19:15289707	1149	0.07	somatic
ARID1A:NM_006015:c.5548_5548delG_p.D1850fs*33	chr1:27105936	956	0.18	somatic
SMO:NM_005631:c.88_88delG_p.A30fs*25:frameshift	chr7:128829079	503	0.17	somatic
KDM2B:NM_032590:c.3011_3011delC_p.R1006fs*37:frameshift	chr12:121880232	709	0.09	somatic
CTCF:NM_006565:c.603_604insA_p.T204fs*26:frameshift	chr16:67645338	1153	0.15	somatic
RNF43:NM_017763:c.1970_1970delG_p.G659fs*41:frameshift	chr17:56435166	1102	0.32	somatic
