mutation	pos	depth	frequency	afG1	afS1	afG2	afS2	p	C	M	logOR_G	clonality	clonality_CI_low	clonality_CI_high	germline/somatic	zygosity
MTOR:NM_004958:c.3684T>A_p.D1228E	chr1:11269486	872	0.08	0.50	0.25	nan	nan	0.500	2	1	-120.1	0.32	0.29	0.36	subclonal somatic	het
SPEN:NM_015001:c.5335G>A_p.A1779T	chr1:16258070	1380	0.13	0.50	0.25	nan	nan	0.500	2	1	-157.7	0.52	0.48	0.57	subclonal somatic	het
REL:NM_002908:c.1261C>T_p.R421C	chr2:61149071	1146	0.52	0.50	0.25	nan	nan	0.500	2	1	83.6	1.04	0.98	1.10	germline	het
LRP1B:NM_018557:c.9923C>T_p.A3308V	chr2:141214064	1180	0.06	0.50	0.25	nan	nan	0.500	2	1	-174.0	0.24	0.22	0.27	subclonal somatic	het
LRP1B:NM_018557:c.5980G>T_p.G1994C	chr2:141473585	678	0.05	0.50	0.25	nan	nan	0.500	2	1	-103.1	0.20	0.18	0.23	subclonal somatic	het
ERBB4:NM_005235:c.3334C>T_p.R1112C	chr2:212251725	1289	0.07	0.50	0.25	nan	nan	0.500	2	1	-184.0	0.28	0.26	0.31	subclonal somatic	het
ERBB4:NM_005235:c.1952C>G_p.P651R	chr2:212495314	638	0.53	0.50	0.25	nan	nan	0.500	2	1	49.9	1.06	0.99	1.15	germline	het
SOX2:NM_003106:c.8A>G_p.N3S	chr3:181430156	329	0.08	0.50	0.25	nan	nan	0.500	2	1	-45.6	0.32	0.27	0.39	subclonal somatic	het
SOX2:NM_003106:c.556C>G_p.L186V	chr3:181430704	776	0.48	0.50	0.25	nan	nan	0.500	2	1	41.7	0.96	0.89	1.03	germline	het
PIK3R1:NM_181523:c.1699A>G_p.K567E	chr5:67591106	785	0.11	0.50	0.25	nan	nan	0.500	2	1	-97.3	0.44	0.39	0.51	subclonal somatic	het
CTNNA1:NM_001903:c.1756C>T_p.R586C	chr5:138260953	1190	0.11	0.50	0.25	nan	nan	0.500	2	1	-147.1	0.44	0.40	0.48	subclonal somatic	het
CSF1R:NM_005211:c.2392G>A_p.G798R	chr5:149435832	1229	0.21	0.50	0.25	nan	nan	0.500	2	1	-93.9	0.84	0.76	0.93	somatic	het
PDGFRB:NM_002609:c.1682G>A_p.R561H	chr5:149505133	1182	0.18	0.50	0.25	nan	nan	0.500	2	1	-106.9	0.72	0.66	0.80	somatic	het
PMS2:NM_000535:c.821C>T_p.S274L	chr7:6035247	994	0.07	0.50	0.25	nan	nan	0.500	2	1	-141.6	0.28	0.25	0.31	subclonal somatic	het
IKZF1:NM_006060:c.1373A>G_p.Q458R	chr7:50468138	1106	0.08	0.50	0.25	nan	nan	0.500	2	1	-152.8	0.32	0.29	0.36	subclonal somatic	het
IKZF1:NM_006060:c.1502A>G_p.D501G	chr7:50468267	1016	0.12	0.50	0.25	nan	nan	0.500	2	1	-120.8	0.48	0.43	0.54	subclonal somatic	het
EGFR:NM_005228:c.1093A>G_p.I365V	chr7:55224312	1213	0.18	0.50	0.25	nan	nan	0.500	2	1	-109.9	0.72	0.65	0.79	somatic	het
PCLO:NM_014510:c.12568A>G_p.K4190E	chr7:82544734	787	0.05	0.50	0.25	nan	nan	0.500	2	1	-120.0	0.20	0.18	0.23	subclonal somatic	het
PCLO:NM_014510:c.11663A>G_p.Y3888C	chr7:82545639	1289	0.19	0.50	0.25	nan	nan	0.500	2	1	-110.5	0.76	0.70	0.84	somatic	het
PCLO:NM_014510:c.4562A>G_p.N1521S	chr7:82585707	854	0.06	0.50	0.25	nan	nan	0.500	2	1	-126.1	0.24	0.22	0.27	subclonal somatic	het
CUX1:NM_001202543:c.2819C>T_p.P940L	chr7:101845363	1508	0.22	0.50	0.25	nan	nan	0.500	2	1	-107.8	0.88	0.81	0.97	somatic	het
RELN:NM_173054:c.3931A>G_p.N1311D	chr7:103230257	763	0.08	0.50	0.25	nan	nan	0.500	2	1	-105.2	0.32	0.29	0.37	subclonal somatic	het
BRAF:NM_004333:c.13A>G_p.S5G	chr7:140624491	734	0.11	0.50	0.25	nan	nan	0.500	2	1	-90.7	0.44	0.39	0.50	subclonal somatic	het
GPR124:NM_032777:c.3004A>G_p.T1002A	chr8:37698860	1114	0.07	0.40	0.20	0.60	0.40	0.500	3	1	-106.0	0.35	0.31	0.40	subclonal somatic	het
FGFR1:NM_023110:c.1552+2T>C:splice	chr8:38275386	1474	0.06	0.40	0.20	0.60	0.40	0.500	3	1	-146.9	0.30	0.27	0.33	subclonal somatic	het
FGFR1:NM_023110:c.1252G>A_p.A418T	chr8:38277083	1610	0.07	0.40	0.20	0.60	0.40	0.500	3	1	-153.2	0.35	0.32	0.39	subclonal somatic	het
PTCH1:NM_000264:c.4136T>C_p.V1379A	chr9:98209402	1321	0.07	0.40	0.20	0.60	0.40	0.500	3	1	-126.0	0.35	0.32	0.39	subclonal somatic	het
PTCH1:NM_000264:c.3109G>A_p.A1037T	chr9:98220354	1622	0.07	0.40	0.20	0.60	0.40	0.500	3	1	-154.3	0.35	0.32	0.39	subclonal somatic	het
PTCH1:NM_000264:c.821A>G_p.Q274R	chr9:98242796	1293	0.06	0.40	0.20	0.60	0.40	0.500	3	1	-128.4	0.30	0.27	0.33	subclonal somatic	het
TSC1:NM_000368:c.71A>G_p.D24G	chr9:135804189	1398	0.05	0.40	0.20	0.60	0.40	0.500	3	1	-145.1	0.25	0.23	0.28	subclonal somatic	het
NOTCH1:NM_017617:c.6113T>C_p.V2038A	chr9:139393418	1556	0.07	0.40	0.20	0.60	0.40	0.500	3	1	-148.3	0.35	0.32	0.39	subclonal somatic	het
NUP98:NM_016320:c.4463A>T_p.D1488V	chr11:3707416	832	0.07	0.50	0.25	nan	nan	0.500	2	1	-118.8	0.28	0.25	0.32	subclonal somatic	het
NUP98:NM_016320:c.4139G>A_p.R1380H	chr11:3716707	1199	0.02	0.50	0.25	nan	nan	0.500	2	1	-199.6	0.08	0.07	0.09	subclonal somatic	het
NUP98:NM_016320:c.1508G>A_p.R503Q	chr11:3756455	794	0.18	0.50	0.25	nan	nan	0.500	2	1	-71.9	0.72	0.64	0.81	somatic	het
FAT3:NM_001008781:c.803T>C_p.V268A	chr11:92086081	1069	0.03	0.50	0.25	nan	nan	0.500	2	1	-172.9	0.12	0.11	0.13	subclonal somatic	het
ATM:NM_000051:c.3542A>G_p.K1181R	chr11:108151861	749	0.07	0.50	0.25	nan	nan	0.500	2	1	-107.1	0.28	0.25	0.32	subclonal somatic	het
MLL:NM_005933:c.5887A>G_p.N1963D	chr11:118369178	1291	0.07	0.50	0.25	nan	nan	0.500	2	1	-184.4	0.28	0.26	0.31	subclonal somatic	het
ARID2:NM_152641:c.1786G>C_p.V596L	chr12:46243433	1016	0.05	0.50	0.25	nan	nan	0.500	2	1	-154.5	0.20	0.18	0.22	subclonal somatic	het
MLL2:NM_003482:c.6895T>C_p.Y2299H	chr12:49434658	1035	0.09	0.50	0.25	nan	nan	0.500	2	1	-138.0	0.36	0.33	0.40	subclonal somatic	het
MLL2:NM_003482:c.804G>A_p.W268*	chr12:49447294	924	0.10	0.50	0.25	nan	nan	0.500	2	1	-118.9	0.40	0.36	0.45	subclonal somatic	het
PARP4:NM_006437:c.2628A>C_p.E876D	chr13:25029285	1022	0.09	0.50	0.25	nan	nan	0.500	2	1	-136.2	0.36	0.33	0.40	subclonal somatic	het
FLT1:NM_002019:c.2737A>G_p.K913E	chr13:28901658	821	0.06	0.50	0.25	nan	nan	0.500	2	1	-121.3	0.24	0.21	0.27	subclonal somatic	het
FOXO1:NM_002015:c.1477G>T_p.G493C	chr13:41134151	1290	0.52	0.50	0.25	nan	nan	0.500	2	1	94.0	1.04	0.99	1.10	germline	het
FANCM:NM_020937:c.4921T>C_p.Y1641H	chr14:45658146	368	0.05	0.50	0.25	nan	nan	0.500	2	1	-56.1	0.20	0.17	0.24	subclonal somatic	het
CTCF:NM_001191022:c.583T>C_p.Y195H	chr16:67662321	1260	0.06	0.50	0.25	nan	nan	0.500	2	1	-185.6	0.24	0.22	0.27	subclonal somatic	het
CTCF:NM_001191022:c.1072G>A_p.V358I	chr16:67671647	1105	0.45	0.50	0.25	nan	nan	0.500	2	1	43.2	0.90	0.85	0.95	germline	het
RARA:NM_000964:c.352A>G_p.K118E	chr17:38506060	1085	0.09	0.50	0.25	nan	nan	0.500	2	1	-144.4	0.36	0.33	0.40	subclonal somatic	het
MAP3K14:NM_003954:c.656G>C_p.R219P	chr17:43364293	202	0.46	0.50	0.25	nan	nan	0.500	2	1	9.5	0.92	0.81	1.07	germline	het
MAP3K14:NM_003954:c.652C>G_p.R218G	chr17:43364297	202	0.09	0.50	0.25	nan	nan	0.500	2	1	-27.0	0.36	0.28	0.48	subclonal somatic	het
NOTCH3:NM_000435:c.4991T>C_p.V1664A	chr19:15281265	972	0.07	0.50	0.25	nan	nan	0.500	2	1	-138.7	0.28	0.25	0.31	subclonal somatic	het
NOTCH3:NM_000435:c.4556T>C_p.L1519P	chr19:15285059	803	0.12	0.50	0.25	nan	nan	0.500	2	1	-95.7	0.48	0.43	0.55	subclonal somatic	het
NOTCH3:NM_000435:c.3764G>A_p.C1255Y	chr19:15289707	1149	0.07	0.50	0.25	nan	nan	0.500	2	1	-164.3	0.28	0.25	0.31	subclonal somatic	het
ARID1A:NM_006015:c.5548_5548delG_p.D1850fs*33	chr1:27105936	956	0.18	0.50	0.25	nan	nan	0.500	2	1	-86.6	0.72	0.64	0.80	somatic	het
SMO:NM_005631:c.88_88delG_p.A30fs*25:frameshift	chr7:128829079	503	0.17	0.50	0.25	nan	nan	0.500	2	1	-47.8	0.68	0.59	0.80	somatic	het
KDM2B:NM_032590:c.3011_3011delC_p.R1006fs*37:frameshift	chr12:121880232	709	0.09	0.50	0.25	nan	nan	0.500	2	1	-94.3	0.36	0.32	0.41	subclonal somatic	het
CTCF:NM_006565:c.603_604insA_p.T204fs*26:frameshift	chr16:67645338	1153	0.15	0.50	0.25	nan	nan	0.500	2	1	-120.7	0.60	0.55	0.67	subclonal somatic	het
RNF43:NM_017763:c.1970_1970delG_p.G659fs*41:frameshift	chr17:56435166	1102	0.32	0.50	0.25	nan	nan	0.500	2	1	-25.8	1.28	1.16	1.40	somatic	het
