mutation	pos	depth	frequency	afG1	afS1	afG2	afS2	p	C	M	logOR_G	clonality	clonality_CI_low	clonality_CI_high	germline/somatic	zygosity
DNMT3A:NM_022552:c.1226G>A_p.W409*	chr2:25469542	301	0.07	0.35	0.15	0.65	0.45	0.423	4	1	-25.6	0.47	0.37	0.64	subclonal somatic	het
PBRM1:NM_018313:c.4535C>T_p.A1512V	chr3:52584478	319	0.29	0.71	0.42	0.29	nan	0.423	2	0	5.7	1.01	0.85	1.20	germline	not in tumor
FLT4:NM_002020:c.194A>T_p.Q65L	chr5:180057761	312	0.18	0.41	0.17	0.59	0.35	0.423	3	1	-17.6	1.03	0.84	1.37	somatic	het
BRAF:NM_004333:c.1406G>C_p.G469A	chr7:140481402	327	0.45	0.76	0.52	0.24	nan	0.423	3	3	-14.1	0.86	0.78	0.95	somatic	homozygous
FANCG:NM_004629:c.181C>T_p.P61S	chr9:35078728	256	0.46	0.50	0.21	nan	nan	0.423	2	1	17.6	0.92	0.83	1.05	germline	het
PTCH1:NM_000264:c.3538C>G_p.P1180A	chr9:98212134	305	0.51	0.50	0.21	nan	nan	0.423	2	1	29.9	1.02	0.92	1.14	germline	het
ATM:NM_000051:c.7996A>G_p.T2666A	chr11:108204681	255	0.36	0.71	0.42	0.29	nan	0.423	2	2	-0.6	nan	nan	nan	ambiguous_both_G_and_S	homozygous
CREBBP:NM_004380:c.5933A>G_p.N1978S	chr16:3779115	423	0.31	0.35	0.15	0.65	0.45	0.423	4	1	6.8	0.88	0.78	1.02	germline	het
FANCA:NM_000135:c.2T>C_p.M1T	chr16:89883022	132	0.52	0.41	0.17	0.59	0.35	0.423	3	2	3.4	0.89	0.77	1.02	germline	het
DOT1L:NM_032482:c.3155G>T_p.G1052V	chr19:2222323	394	0.49	0.76	0.52	0.24	nan	0.423	3	3	-25.9	0.94	0.85	1.04	somatic	homozygous
GNAS:NM_001077490:c.1268C>A_p.P423H	chr20:57429775	337	0.54	0.41	0.17	0.59	0.35	0.423	3	2	10.9	0.92	0.84	1.01	germline	het
STK11:NM_000455:c.169_169delG_p.E57fs*7	chr19:1207080	491	0.41	0.71	0.42	0.29	nan	0.423	2	2	-7.7	0.97	0.88	1.08	somatic	homozygous
