mutation	pos	depth	frequency	C	germline/somatic	zygosity
NRAS:NM_002524:c.250A>G_p.I84V	chr1:115256461	990	0.22	3	somatic	het
LRP1B:NM_018557:c.6178C>G_p.R2060G	chr2:141459834	830	0.06	3	ambiguous_CNA_model	het
LRP1B:NM_018557:c.1767G>C_p.E589D	chr2:141806577	388	0.28	2	somatic	het
ERBB4:NM_005235:c.3689C>A_p.P1230Q	chr2:212248578	1146	0.33	4	somatic	het
KIT:NM_000222:c.1621A>C_p.M541L	chr4:55593464	1030	0.49	4	germline	het
FBXW7:NM_033632:c.881C>A_p.S294*	chr4:153253852	590	0.55	2	somatic	homozygous
PKHD1:NM_138694:c.12155C>T_p.A4052V	chr6:51483949	636	0.21	3	somatic	het
PKHD1:NM_138694:c.61C>A_p.L21M	chr6:51948045	867	0.43	3	ambiguous_both_G_and_S	het
STAT3:NM_139276:c.283C>G_p.L95V	chr17:40497666	961	0.51	4	somatic	het
BRCA1:NM_007294:c.4636G>A_p.D1546N	chr17:41226387	1209	0.65	4	germline	het
CDH2:NM_001792:c.581G>T_p.R194L	chr18:25589802	440	0.17	4	somatic	het
FLT3:NM_004119:c.2198_2198delC_p.P733fs*48:frameshift	chr13:28601233	724	0.56	2	somatic	homozygous
TP53:NM_000546:c.939_943delCTCCT_p.S315fs*20:frameshift	chr17:7576902	1003	0.59	3	somatic	homozygous
