mutation	pos	depth	frequency	afG1	afS1	afG2	afS2	p	C	M	logOR_G	clonality	clonality_CI_low	clonality_CI_high	germline/somatic	zygosity
NRAS:NM_002524:c.250A>G_p.I84V	chr1:115256461	990	0.22	0.60	0.42	0.40	0.21	0.529	3	1	-30.5	1.05	0.94	1.20	somatic	het
LRP1B:NM_018557:c.6178C>G_p.R2060G	chr2:141459834	830	0.06	0.60	0.42	0.40	0.21	0.529	3	2	-77.1	nan	nan	nan	ambiguous_CNA_model	het
LRP1B:NM_018557:c.1767G>C_p.E589D	chr2:141806577	388	0.28	0.50	0.26	nan	nan	0.529	2	1	-17.2	1.06	0.91	1.25	somatic	het
ERBB4:NM_005235:c.3689C>A_p.P1230Q	chr2:212248578	1146	0.33	0.50	0.35	nan	nan	0.529	4	2	-29.8	0.95	0.88	1.03	somatic	het
KIT:NM_000222:c.1621A>C_p.M541L	chr4:55593464	1030	0.49	0.50	0.35	nan	nan	0.529	4	2	20.4	0.98	0.93	1.04	germline	het
FBXW7:NM_033632:c.881C>A_p.S294*	chr4:153253852	590	0.55	0.76	0.53	0.24	nan	0.529	2	2	-28.7	1.04	0.97	1.12	somatic	homozygous
PKHD1:NM_138694:c.12155C>T_p.A4052V	chr6:51483949	636	0.21	0.60	0.42	0.40	0.21	0.529	3	1	-22.4	1.00	0.87	1.18	somatic	het
PKHD1:NM_138694:c.61C>A_p.L21M	chr6:51948045	867	0.43	0.60	0.42	0.40	0.21	0.529	3	2	-1.1	nan	nan	nan	ambiguous_both_G_and_S	het
STAT3:NM_139276:c.283C>G_p.L95V	chr17:40497666	961	0.51	0.33	0.17	0.67	0.52	0.529	4	3	-24.6	0.98	0.93	1.05	somatic	het
BRCA1:NM_007294:c.4636G>A_p.D1546N	chr17:41226387	1209	0.65	0.33	0.17	0.67	0.52	0.529	4	3	18.4	0.97	0.93	1.01	germline	het
CDH2:NM_001792:c.581G>T_p.R194L	chr18:25589802	440	0.17	0.33	0.17	0.67	0.52	0.529	4	1	-12.7	0.98	0.82	1.25	somatic	het
FLT3:NM_004119:c.2198_2198delC_p.P733fs*48:frameshift	chr13:28601233	724	0.56	0.76	0.53	0.24	nan	0.529	2	2	-32.0	1.06	0.99	1.14	somatic	homozygous
TP53:NM_000546:c.939_943delCTCCT_p.S315fs*20:frameshift	chr17:7576902	1003	0.59	0.81	0.63	0.19	nan	0.529	3	3	-57.6	0.94	0.90	0.98	somatic	homozygous
