mutation	pos	depth	frequency	germline/somatic
MCL1:NM_001197320:c.436G>T_p.V146L	chr1:150550761	824	0.58	somatic
ALK:NM_004304:c.550C>T_p.R184*	chr2:30142976	851	0.60	somatic
PIK3CA:NM_006218:c.1357G>C_p.E453Q	chr3:178928079	1280	0.15	somatic
PIK3CA:NM_006218:c.1624G>A_p.E542K	chr3:178936082	1002	0.17	somatic
BCL6:NM_001706:c.910G>C_p.E304Q	chr3:187447283	1362	0.12	somatic
PDGFRB:NM_002609:c.1839G>C_p.Q613H	chr5:149504363	326	0.13	somatic
EPHA7:NM_004440:c.2516A>G_p.D839G	chr6:93964381	492	0.18	somatic
GPR124:NM_032777:c.1228G>A_p.E410K	chr8:37690658	466	0.26	somatic
PAX5:NM_016734:c.841C>G_p.L281V	chr9:36923421	681	0.38	somatic
PTCH1:NM_000264:c.1298C>A_p.S433Y	chr9:98240386	1117	0.20	somatic
RET:NM_020975:c.2370G>T_p.L790F	chr10:43613906	498	0.39	somatic
TNKS2:NM_025235:c.1979G>C_p.R660T	chr10:93602068	789	0.18	somatic
LRP6:NM_002336:c.4144G>T_p.V1382F	chr12:12279793	814	0.22	somatic
BRCA2:NM_000059:c.8318C>T_p.S2773F	chr13:32937657	625	0.19	somatic
TP53:NM_000546:c.743G>A_p.R248Q	chr17:7577538	659	0.49	germline
NF1:NM_001042492:c.3481C>T_p.L1161F	chr17:29559884	743	0.22	somatic
DOT1L:NM_032482:c.1768C>T_p.R590C	chr19:2213956	394	0.29	somatic
CCNE1:NM_001238:c.559C>T_p.L187F	chr19:30311705	1237	0.16	somatic
