mutation	pos	depth	frequency	afG1	afS1	afG2	afS2	p	C	M	logOR_G	clonality	clonality_CI_low	clonality_CI_high	germline/somatic	zygosity
MCL1:NM_001197320:c.436G>T_p.V146L	chr1:150550761	824	0.58	0.43	0.27	0.57	0.41	0.458	5	3	22.3	1.02	0.97	1.08	germline	het
ALK:NM_004304:c.550C>T_p.R184*	chr2:30142976	851	0.60	0.81	0.63	0.19	nan	0.458	4	4	-45.7	0.96	0.91	1.01	somatic	homozygous
PIK3CA:NM_006218:c.1357G>C_p.E453Q	chr3:178928079	1280	0.15	0.50	0.36	nan	nan	0.458	6	3	-90.0	0.42	0.39	0.45	subclonal somatic	het
PIK3CA:NM_006218:c.1624G>A_p.E542K	chr3:178936082	1002	0.17	0.50	0.36	nan	nan	0.458	6	3	-65.4	0.47	0.44	0.51	subclonal somatic	het
BCL6:NM_001706:c.910G>C_p.E304Q	chr3:187447283	1362	0.12	0.50	0.36	nan	nan	0.458	6	3	-106.2	0.33	0.31	0.36	subclonal somatic	het
PDGFRB:NM_002609:c.1839G>C_p.Q613H	chr5:149504363	326	0.13	0.78	0.56	0.22	nan	0.458	3	3	53.6	nan	nan	nan	ambiguous_neither_G_nor_S	homozygous
EPHA7:NM_004440:c.2516A>G_p.D839G	chr6:93964381	492	0.18	0.78	0.56	0.22	nan	0.458	3	0	64.4	0.82	0.71	0.98	germline	not in tumor
GPR124:NM_032777:c.1228G>A_p.E410K	chr8:37690658	466	0.26	0.73	0.46	0.27	nan	0.458	2	0	17.5	0.96	0.82	1.11	germline	not in tumor
PAX5:NM_016734:c.841C>G_p.L281V	chr9:36923421	681	0.38	0.78	0.56	0.22	nan	0.458	3	3	-0.4	nan	nan	nan	ambiguous_neither_G_nor_S	homozygous
PTCH1:NM_000264:c.1298C>A_p.S433Y	chr9:98240386	1117	0.20	0.81	0.63	0.19	nan	0.458	4	0	187.5	1.08	0.95	1.23	germline	not in tumor
RET:NM_020975:c.2370G>T_p.L790F	chr10:43613906	498	0.39	0.41	0.19	0.59	0.37	0.458	3	1	0.0	nan	nan	nan	ambiguous_both_G_and_S	het
TNKS2:NM_025235:c.1979G>C_p.R660T	chr10:93602068	789	0.18	0.41	0.19	0.59	0.37	0.458	3	1	-41.5	0.97	0.84	1.13	somatic	het
LRP6:NM_002336:c.4144G>T_p.V1382F	chr12:12279793	814	0.22	0.78	0.56	0.22	nan	0.458	3	0	85.9	1.00	0.88	1.16	germline	not in tumor
BRCA2:NM_000059:c.8318C>T_p.S2773F	chr13:32937657	625	0.19	0.78	0.56	0.22	nan	0.458	3	0	77.8	0.86	0.75	1.01	germline	not in tumor
TP53:NM_000546:c.743G>A_p.R248Q	chr17:7577538	659	0.49	0.73	0.46	0.27	nan	0.458	2	2	-31.0	1.07	0.98	1.17	somatic	homozygous
NF1:NM_001042492:c.3481C>T_p.L1161F	chr17:29559884	743	0.22	0.41	0.19	0.59	0.37	0.458	3	1	-24.8	1.18	1.02	1.37	somatic	het
DOT1L:NM_032482:c.1768C>T_p.R590C	chr19:2213956	394	0.29	0.34	0.16	0.66	0.47	0.458	4	1	8.8	0.85	0.75	0.98	germline	het
CCNE1:NM_001238:c.559C>T_p.L187F	chr19:30311705	1237	0.16	0.34	0.16	0.66	0.47	0.458	4	1	-46.3	1.02	0.90	1.16	somatic	het
